// Jest Snapshot v1, https://goo.gl/fbAQLP

exports[`StyledButtonsComponent renders correctly 1`] = `
<div
  className="sc-bdVaJa iJedAg"
/>
`;
