// Jest Snapshot v1, https://goo.gl/fbAQLP

exports[`StyledFontAwesomeIcon should render correctly 1`] = `
<FontAwesomeIcon
  border={false}
  className="sc-bdVaJa bDWFJH"
  fixedWidth={false}
  flip={null}
  icon={null}
  inverse={false}
  listItem={false}
  mask={null}
  pull={null}
  pulse={false}
  rotation={null}
  size={null}
  spin={false}
  symbol={false}
  transform={null}
/>
`;
