// Jest Snapshot v1, https://goo.gl/fbAQLP

exports[`StyledGlobal renders correctly 1`] = `
<div
  className="sc-bdVaJa kXwoti"
/>
`;
